I'm sorry, but errors were detected in your script. Please correct the
errors listed below, and try again.


File "game/scene1.rpy", line 70: unterminated string literal
    r talk "Sial... terkunci! Rendi, bantuin gue dorong!""

Ren'Py Version: Ren'Py 8.5.2.26010301
Sat Apr 18 08:29:31 2026
